2018/08/28 10:52:37.316 [I] [mbserver.go:246] Listening on :2020 
2018/08/28 10:52:37.316 [I] [mbserver.go:246] Listening on :2021 
2018/08/28 10:52:37.319 [I] [mbserver.go:246] Listening on :2022 
2018/08/28 10:52:37.561 [I] [asm_amd64.s:2361] http server Running on http://:8082
2018/08/28 10:54:47.908 [I] [asm_amd64.s:2361] Listening on :2020
2018/08/28 10:54:47.909 [I] [asm_amd64.s:2361] Listening on :2021
2018/08/28 10:54:47.910 [I] [asm_amd64.s:2361] Listening on :2022
2018/08/28 10:54:48.033 [I] [asm_amd64.s:2361] http server Running on http://:8082
2018/08/28 10:54:58.680 [I] [router.go:640] admin 031b767d33a08fc7cc0923bf2a17f947 <nil> <nil>
2018/08/28 10:54:58.680 [D] [server.go:2694] 127.0.0.1 - - [28/Aug/2018 10:54:58] "POST /v1/web HTTP/1.1 302 0" 0.002995 http://127.0.0.1:3000/ Mozilla/5.0 (Windows NT 10.0; WOW64) AppleWebKit/537.36 (KHTML, like Gecko) Chrome/63.0.3239.132 Safari/537.36

2018/08/28 10:55:00.069 [I] [asm_amd64.s:2361] 0 2020 9 [] [1 3 4 0 0 0 0 250 51]
2018/08/28 10:55:00.069 [I] [mbserver.go:777] INSERT INTO `maingo`.`传感器101温湿度_dot` SET 传感器101温湿度_温度=0E+00,传感器101温湿度_湿度=0E+00,time='2018-08-28 10:55:00'
2018/08/28 10:55:00.168 [I] [asm_amd64.s:2361] 0 2020 9 [] [1 3 4 0 0 0 0 250 51]
2018/08/28 10:55:00.169 [I] [mbserver.go:777] INSERT INTO `maingo`.`传感器102温湿度_dot` SET 传感器102温湿度_温度=0E+00,传感器102温湿度_湿度=0E+00,time='2018-08-28 10:55:00'
2018/08/28 10:55:00.268 [I] [asm_amd64.s:2361] 0 2020 9 [] [1 3 4 0 0 0 0 250 51]
2018/08/28 10:55:00.268 [I] [mbserver.go:777] INSERT INTO `maingo`.`传感器103温湿度_dot` SET 传感器103温湿度_温度=0E+00,传感器103温湿度_湿度=0E+00,time='2018-08-28 10:55:00'
2018/08/28 10:55:00.366 [I] [asm_amd64.s:2361] 0 2020 9 [] [1 3 4 0 0 0 0 250 51]
2018/08/28 10:55:00.366 [I] [mbserver.go:777] INSERT INTO `maingo`.`传感器104温湿度_dot` SET 传感器104温湿度_温度=0E+00,传感器104温湿度_湿度=0E+00,time='2018-08-28 10:55:00'
2018/08/28 10:55:00.470 [I] [asm_amd64.s:2361] 0 2020 9 [] [1 3 4 0 0 0 0 250 51]
2018/08/28 10:55:00.470 [I] [mbserver.go:777] INSERT INTO `maingo`.`传感器105光照_dot` SET 传感器105光照_紫外线=0E+00,传感器105光照_光照=0E+00,time='2018-08-28 10:55:00'
2018/08/28 10:55:00.567 [I] [asm_amd64.s:2361] 0 2020 9 [] [1 3 4 0 0 0 0 250 51]
2018/08/28 10:55:00.567 [I] [mbserver.go:777] INSERT INTO `maingo`.`传感器106光照_dot` SET 传感器106光照_紫外线=0E+00,传感器106光照_光照=0E+00,time='2018-08-28 10:55:00'
2018/08/28 10:55:00.685 [I] [asm_amd64.s:2361] 0 2020 11 [] [1 3 6 0 0 0 0 0 0 33 117]
2018/08/28 10:55:00.686 [I] [mbserver.go:777] INSERT INTO `maingo`.`传感器107co2_dot` SET 传感器107co2_温度=0E+00,传感器107co2_湿度=0E+00,传感器107co2_二氧化碳=0E+00,time='2018-08-28 10:55:00'
2018/08/28 10:55:00.760 [I] [asm_amd64.s:2361] 0 2020 7 [] [1 3 2 0 0 184 68]
2018/08/28 10:55:00.760 [I] [mbserver.go:777] INSERT INTO `maingo`.`传感器108voc_dot` SET 传感器108voc_tvoc=0E+00,time='2018-08-28 10:55:00'
2018/08/28 10:55:00.868 [I] [asm_amd64.s:2361] 0 2020 9 [] [1 3 4 0 0 0 0 250 51]
2018/08/28 10:55:00.870 [I] [mbserver.go:777] INSERT INTO `maingo`.`传感器110温湿度_dot` SET 传感器110温湿度_温度=0E+00,传感器110温湿度_湿度=0E+00,time='2018-08-28 10:55:00'
2018/08/28 10:55:00.971 [I] [asm_amd64.s:2361] 0 2020 9 [] [1 3 4 0 0 0 0 250 51]
2018/08/28 10:55:00.971 [I] [mbserver.go:777] INSERT INTO `maingo`.`传感器111温湿度_dot` SET 传感器111温湿度_温度=0E+00,传感器111温湿度_湿度=0E+00,time='2018-08-28 10:55:00'
2018/08/28 10:55:01.170 [I] [asm_amd64.s:2361] 0 2020 9 [] [1 3 4 0 0 0 0 250 51]
2018/08/28 10:55:01.170 [I] [mbserver.go:777] INSERT INTO `maingo`.`传感器112温湿度_dot` SET 传感器112温湿度_温度=0E+00,传感器112温湿度_湿度=0E+00,time='2018-08-28 10:55:01'
2018/08/28 10:55:01.280 [I] [asm_amd64.s:2361] 0 2020 9 [] [1 3 4 0 0 0 0 250 51]
2018/08/28 10:55:01.280 [I] [mbserver.go:777] INSERT INTO `maingo`.`传感器113温湿度_dot` SET 传感器113温湿度_温度=0E+00,传感器113温湿度_湿度=0E+00,time='2018-08-28 10:55:01'
2018/08/28 10:55:01.380 [I] [asm_amd64.s:2361] 0 2020 9 [] [1 3 4 0 0 0 0 250 51]
2018/08/28 10:55:01.380 [I] [mbserver.go:777] INSERT INTO `maingo`.`传感器114温湿度_dot` SET 传感器114温湿度_温度=0E+00,传感器114温湿度_湿度=0E+00,time='2018-08-28 10:55:01'
2018/08/28 10:55:01.476 [I] [asm_amd64.s:2361] 0 2020 9 [] [1 3 4 0 0 0 0 250 51]
2018/08/28 10:55:01.476 [I] [mbserver.go:777] INSERT INTO `maingo`.`传感器115温湿度_dot` SET 传感器115温湿度_温度=0E+00,传感器115温湿度_湿度=0E+00,time='2018-08-28 10:55:01'
2018/08/28 10:55:01.577 [I] [asm_amd64.s:2361] 0 2020 9 [] [1 3 4 0 0 0 0 250 51]
2018/08/28 10:55:01.577 [I] [mbserver.go:777] INSERT INTO `maingo`.`传感器116温湿度_dot` SET 传感器116温湿度_温度=0E+00,传感器116温湿度_湿度=0E+00,time='2018-08-28 10:55:01'
2018/08/28 10:55:01.669 [I] [asm_amd64.s:2361] 0 2020 7 [] [1 3 2 0 0 184 68]
2018/08/28 10:55:01.669 [I] [mbserver.go:777] INSERT INTO `maingo`.`传感器121voc_dot` SET 传感器121voc_tvoc=0E+00,time='2018-08-28 10:55:01'
2018/08/28 10:55:01.828 [I] [asm_amd64.s:2361] 0 2020 9 [] [1 3 4 0 0 0 0 250 51]
2018/08/28 10:55:01.828 [I] [mbserver.go:777] INSERT INTO `maingo`.`传感器117光照_dot` SET 传感器117光照_紫外线=0E+00,传感器117光照_光照=0E+00,time='2018-08-28 10:55:01'
2018/08/28 10:55:01.977 [I] [asm_amd64.s:2361] 0 2020 9 [] [1 3 4 0 0 0 0 250 51]
2018/08/28 10:55:01.977 [I] [mbserver.go:777] INSERT INTO `maingo`.`传感器118光照_dot` SET 传感器118光照_紫外线=0E+00,传感器118光照_光照=0E+00,time='2018-08-28 10:55:01'
2018/08/28 10:55:02.079 [I] [asm_amd64.s:2361] 0 2020 9 [] [1 3 4 0 0 0 0 250 51]
2018/08/28 10:55:02.080 [I] [mbserver.go:777] INSERT INTO `maingo`.`传感器119光照_dot` SET 传感器119光照_紫外线=0E+00,传感器119光照_光照=0E+00,time='2018-08-28 10:55:02'
2018/08/28 10:55:02.188 [I] [asm_amd64.s:2361] 0 2020 11 [] [1 3 6 0 0 0 0 0 0 33 117]
2018/08/28 10:55:02.189 [I] [mbserver.go:777] INSERT INTO `maingo`.`传感器120co2_dot` SET 传感器120co2_温度=0E+00,传感器120co2_湿度=0E+00,传感器120co2_二氧化碳=0E+00,time='2018-08-28 10:55:02'
2018/08/28 10:56:00.062 [I] [asm_amd64.s:2361] 0 2020 9 [] [1 3 4 0 0 0 0 250 51]
2018/08/28 10:56:00.063 [I] [mbserver.go:777] INSERT INTO `maingo`.`传感器101温湿度_dot` SET 传感器101温湿度_温度=0E+00,传感器101温湿度_湿度=0E+00,time='2018-08-28 10:56:00'
2018/08/28 10:56:00.162 [I] [asm_amd64.s:2361] 0 2020 9 [] [1 3 4 0 0 0 0 250 51]
2018/08/28 10:56:00.162 [I] [mbserver.go:777] INSERT INTO `maingo`.`传感器102温湿度_dot` SET 传感器102温湿度_温度=0E+00,传感器102温湿度_湿度=0E+00,time='2018-08-28 10:56:00'
2018/08/28 10:56:00.271 [I] [asm_amd64.s:2361] 0 2020 9 [] [1 3 4 0 0 0 0 250 51]
2018/08/28 10:56:00.271 [I] [mbserver.go:777] INSERT INTO `maingo`.`传感器103温湿度_dot` SET 传感器103温湿度_温度=0E+00,传感器103温湿度_湿度=0E+00,time='2018-08-28 10:56:00'
2018/08/28 10:56:00.360 [I] [asm_amd64.s:2361] 0 2020 9 [] [1 3 4 0 0 0 0 250 51]
2018/08/28 10:56:00.360 [I] [mbserver.go:777] INSERT INTO `maingo`.`传感器104温湿度_dot` SET 传感器104温湿度_温度=0E+00,传感器104温湿度_湿度=0E+00,time='2018-08-28 10:56:00'
2018/08/28 10:56:00.481 [I] [asm_amd64.s:2361] 0 2020 9 [] [1 3 4 0 0 0 0 250 51]
2018/08/28 10:56:00.481 [I] [mbserver.go:777] INSERT INTO `maingo`.`传感器105光照_dot` SET 传感器105光照_紫外线=0E+00,传感器105光照_光照=0E+00,time='2018-08-28 10:56:00'
2018/08/28 10:56:00.560 [I] [asm_amd64.s:2361] 0 2020 9 [] [1 3 4 0 0 0 0 250 51]
2018/08/28 10:56:00.561 [I] [mbserver.go:777] INSERT INTO `maingo`.`传感器106光照_dot` SET 传感器106光照_紫外线=0E+00,传感器106光照_光照=0E+00,time='2018-08-28 10:56:00'
2018/08/28 10:56:00.662 [I] [asm_amd64.s:2361] 0 2020 11 [] [1 3 6 0 0 0 0 0 0 33 117]
2018/08/28 10:56:00.662 [I] [mbserver.go:777] INSERT INTO `maingo`.`传感器107co2_dot` SET 传感器107co2_温度=0E+00,传感器107co2_湿度=0E+00,传感器107co2_二氧化碳=0E+00,time='2018-08-28 10:56:00'
2018/08/28 10:56:00.761 [I] [asm_amd64.s:2361] 0 2020 7 [] [1 3 2 0 0 184 68]
2018/08/28 10:56:00.761 [I] [mbserver.go:777] INSERT INTO `maingo`.`传感器108voc_dot` SET 传感器108voc_tvoc=0E+00,time='2018-08-28 10:56:00'
2018/08/28 10:56:00.876 [I] [asm_amd64.s:2361] 0 2020 9 [] [1 3 4 0 0 0 0 250 51]
2018/08/28 10:56:00.876 [I] [mbserver.go:777] INSERT INTO `maingo`.`传感器110温湿度_dot` SET 传感器110温湿度_温度=0E+00,传感器110温湿度_湿度=0E+00,time='2018-08-28 10:56:00'
2018/08/28 10:56:00.961 [I] [asm_amd64.s:2361] 0 2020 9 [] [1 3 4 0 0 0 0 250 51]
2018/08/28 10:56:00.961 [I] [mbserver.go:777] INSERT INTO `maingo`.`传感器111温湿度_dot` SET 传感器111温湿度_温度=0E+00,传感器111温湿度_湿度=0E+00,time='2018-08-28 10:56:00'
2018/08/28 10:56:01.080 [I] [asm_amd64.s:2361] 0 2020 9 [] [1 3 4 0 0 0 0 250 51]
2018/08/28 10:56:01.080 [I] [mbserver.go:777] INSERT INTO `maingo`.`传感器112温湿度_dot` SET 传感器112温湿度_温度=0E+00,传感器112温湿度_湿度=0E+00,time='2018-08-28 10:56:01'
2018/08/28 10:56:01.170 [I] [asm_amd64.s:2361] 0 2020 9 [] [1 3 4 0 0 0 0 250 51]
2018/08/28 10:56:01.170 [I] [mbserver.go:777] INSERT INTO `maingo`.`传感器113温湿度_dot` SET 传感器113温湿度_温度=0E+00,传感器113温湿度_湿度=0E+00,time='2018-08-28 10:56:01'
2018/08/28 10:56:01.271 [I] [asm_amd64.s:2361] 0 2020 9 [] [1 3 4 0 0 0 0 250 51]
2018/08/28 10:56:01.271 [I] [mbserver.go:777] INSERT INTO `maingo`.`传感器114温湿度_dot` SET 传感器114温湿度_温度=0E+00,传感器114温湿度_湿度=0E+00,time='2018-08-28 10:56:01'
2018/08/28 10:56:01.373 [I] [asm_amd64.s:2361] 0 2020 9 [] [1 3 4 0 0 0 0 250 51]
2018/08/28 10:56:01.374 [I] [mbserver.go:777] INSERT INTO `maingo`.`传感器115温湿度_dot` SET 传感器115温湿度_温度=0E+00,传感器115温湿度_湿度=0E+00,time='2018-08-28 10:56:01'
2018/08/28 10:56:01.471 [I] [asm_amd64.s:2361] 0 2020 9 [] [1 3 4 0 0 0 0 250 51]
2018/08/28 10:56:01.471 [I] [mbserver.go:777] INSERT INTO `maingo`.`传感器116温湿度_dot` SET 传感器116温湿度_温度=0E+00,传感器116温湿度_湿度=0E+00,time='2018-08-28 10:56:01'
2018/08/28 10:56:01.581 [I] [asm_amd64.s:2361] 0 2020 7 [] [1 3 2 0 0 184 68]
2018/08/28 10:56:01.581 [I] [mbserver.go:777] INSERT INTO `maingo`.`传感器121voc_dot` SET 传感器121voc_tvoc=0E+00,time='2018-08-28 10:56:01'
2018/08/28 10:56:01.670 [I] [asm_amd64.s:2361] 0 2020 9 [] [1 3 4 0 0 0 0 250 51]
2018/08/28 10:56:01.670 [I] [mbserver.go:777] INSERT INTO `maingo`.`传感器117光照_dot` SET 传感器117光照_紫外线=0E+00,传感器117光照_光照=0E+00,time='2018-08-28 10:56:01'
2018/08/28 10:56:01.770 [I] [asm_amd64.s:2361] 0 2020 9 [] [1 3 4 0 0 0 0 250 51]
2018/08/28 10:56:01.770 [I] [mbserver.go:777] INSERT INTO `maingo`.`传感器118光照_dot` SET 传感器118光照_紫外线=0E+00,传感器118光照_光照=0E+00,time='2018-08-28 10:56:01'
2018/08/28 10:56:01.870 [I] [asm_amd64.s:2361] 0 2020 9 [] [1 3 4 0 0 0 0 250 51]
2018/08/28 10:56:01.870 [I] [mbserver.go:777] INSERT INTO `maingo`.`传感器119光照_dot` SET 传感器119光照_紫外线=0E+00,传感器119光照_光照=0E+00,time='2018-08-28 10:56:01'
2018/08/28 10:56:02.063 [I] [asm_amd64.s:2361] 0 2020 11 [] [1 3 6 0 0 0 0 0 0 33 117]
2018/08/28 10:56:02.063 [I] [mbserver.go:777] INSERT INTO `maingo`.`传感器120co2_dot` SET 传感器120co2_温度=0E+00,传感器120co2_湿度=0E+00,传感器120co2_二氧化碳=0E+00,time='2018-08-28 10:56:02'
2018/08/28 10:57:00.066 [I] [asm_amd64.s:2361] 0 2020 9 [] [1 3 4 0 0 0 0 250 51]
2018/08/28 10:57:00.068 [I] [mbserver.go:777] INSERT INTO `maingo`.`传感器101温湿度_dot` SET 传感器101温湿度_温度=0E+00,传感器101温湿度_湿度=0E+00,time='2018-08-28 10:57:00'
2018/08/28 10:57:00.161 [I] [asm_amd64.s:2361] 0 2020 9 [] [1 3 4 0 0 0 0 250 51]
2018/08/28 10:57:00.161 [I] [mbserver.go:777] INSERT INTO `maingo`.`传感器102温湿度_dot` SET 传感器102温湿度_温度=0E+00,传感器102温湿度_湿度=0E+00,time='2018-08-28 10:57:00'
2018/08/28 10:57:00.255 [I] [asm_amd64.s:2361] 0 2020 9 [] [1 3 4 0 0 0 0 250 51]
2018/08/28 10:57:00.256 [I] [mbserver.go:777] INSERT INTO `maingo`.`传感器103温湿度_dot` SET 传感器103温湿度_温度=0E+00,传感器103温湿度_湿度=0E+00,time='2018-08-28 10:57:00'
2018/08/28 10:57:00.355 [I] [asm_amd64.s:2361] 0 2020 9 [] [1 3 4 0 0 0 0 250 51]
2018/08/28 10:57:00.355 [I] [mbserver.go:777] INSERT INTO `maingo`.`传感器104温湿度_dot` SET 传感器104温湿度_温度=0E+00,传感器104温湿度_湿度=0E+00,time='2018-08-28 10:57:00'
2018/08/28 10:57:00.466 [I] [asm_amd64.s:2361] 0 2020 9 [] [1 3 4 0 0 0 0 250 51]
2018/08/28 10:57:00.467 [I] [mbserver.go:777] INSERT INTO `maingo`.`传感器105光照_dot` SET 传感器105光照_紫外线=0E+00,传感器105光照_光照=0E+00,time='2018-08-28 10:57:00'
2018/08/28 10:57:00.553 [I] [asm_amd64.s:2361] 0 2020 9 [] [1 3 4 0 0 0 0 250 51]
2018/08/28 10:57:00.553 [I] [mbserver.go:777] INSERT INTO `maingo`.`传感器106光照_dot` SET 传感器106光照_紫外线=0E+00,传感器106光照_光照=0E+00,time='2018-08-28 10:57:00'
2018/08/28 10:57:00.664 [I] [asm_amd64.s:2361] 0 2020 11 [] [1 3 6 0 0 0 0 0 0 33 117]
2018/08/28 10:57:00.665 [I] [mbserver.go:777] INSERT INTO `maingo`.`传感器107co2_dot` SET 传感器107co2_温度=0E+00,传感器107co2_湿度=0E+00,传感器107co2_二氧化碳=0E+00,time='2018-08-28 10:57:00'
2018/08/28 10:57:00.801 [I] [asm_amd64.s:2361] 0 2020 7 [] [1 3 2 0 0 184 68]
2018/08/28 10:57:00.802 [I] [mbserver.go:777] INSERT INTO `maingo`.`传感器108voc_dot` SET 传感器108voc_tvoc=0E+00,time='2018-08-28 10:57:00'
2018/08/28 10:57:00.885 [I] [asm_amd64.s:2361] 0 2020 9 [] [1 3 4 0 0 0 0 250 51]
2018/08/28 10:57:00.885 [I] [mbserver.go:777] INSERT INTO `maingo`.`传感器110温湿度_dot` SET 传感器110温湿度_温度=0E+00,传感器110温湿度_湿度=0E+00,time='2018-08-28 10:57:00'
2018/08/28 10:57:00.963 [I] [asm_amd64.s:2361] 0 2020 9 [] [1 3 4 0 0 0 0 250 51]
2018/08/28 10:57:00.964 [I] [mbserver.go:777] INSERT INTO `maingo`.`传感器111温湿度_dot` SET 传感器111温湿度_温度=0E+00,传感器111温湿度_湿度=0E+00,time='2018-08-28 10:57:00'
2018/08/28 10:57:01.119 [I] [asm_amd64.s:2361] 0 2020 9 [] [1 3 4 0 0 0 0 250 51]
2018/08/28 10:57:01.119 [I] [mbserver.go:777] INSERT INTO `maingo`.`传感器112温湿度_dot` SET 传感器112温湿度_温度=0E+00,传感器112温湿度_湿度=0E+00,time='2018-08-28 10:57:01'
2018/08/28 10:57:01.266 [I] [asm_amd64.s:2361] 0 2020 9 [] [1 3 4 0 0 0 0 250 51]
2018/08/28 10:57:01.266 [I] [mbserver.go:777] INSERT INTO `maingo`.`传感器113温湿度_dot` SET 传感器113温湿度_温度=0E+00,传感器113温湿度_湿度=0E+00,time='2018-08-28 10:57:01'
2018/08/28 10:57:01.363 [I] [asm_amd64.s:2361] 0 2020 9 [] [1 3 4 0 0 0 0 250 51]
2018/08/28 10:57:01.363 [I] [mbserver.go:777] INSERT INTO `maingo`.`传感器114温湿度_dot` SET 传感器114温湿度_温度=0E+00,传感器114温湿度_湿度=0E+00,time='2018-08-28 10:57:01'
2018/08/28 10:57:01.494 [I] [asm_amd64.s:2361] 0 2020 9 [] [1 3 4 0 0 0 0 250 51]
2018/08/28 10:57:01.503 [I] [mbserver.go:777] INSERT INTO `maingo`.`传感器115温湿度_dot` SET 传感器115温湿度_温度=0E+00,传感器115温湿度_湿度=0E+00,time='2018-08-28 10:57:01'
2018/08/28 10:57:01.574 [I] [asm_amd64.s:2361] 0 2020 9 [] [1 3 4 0 0 0 0 250 51]
2018/08/28 10:57:01.575 [I] [mbserver.go:777] INSERT INTO `maingo`.`传感器116温湿度_dot` SET 传感器116温湿度_温度=0E+00,传感器116温湿度_湿度=0E+00,time='2018-08-28 10:57:01'
2018/08/28 10:57:01.685 [I] [asm_amd64.s:2361] 0 2020 7 [] [1 3 2 0 0 184 68]
2018/08/28 10:57:01.686 [I] [mbserver.go:777] INSERT INTO `maingo`.`传感器121voc_dot` SET 传感器121voc_tvoc=0E+00,time='2018-08-28 10:57:01'
2018/08/28 10:57:01.774 [I] [asm_amd64.s:2361] 0 2020 9 [] [1 3 4 0 0 0 0 250 51]
2018/08/28 10:57:01.776 [I] [mbserver.go:777] INSERT INTO `maingo`.`传感器117光照_dot` SET 传感器117光照_紫外线=0E+00,传感器117光照_光照=0E+00,time='2018-08-28 10:57:01'
2018/08/28 10:57:01.875 [I] [asm_amd64.s:2361] 0 2020 9 [] [1 3 4 0 0 0 0 250 51]
2018/08/28 10:57:01.876 [I] [mbserver.go:777] INSERT INTO `maingo`.`传感器118光照_dot` SET 传感器118光照_紫外线=0E+00,传感器118光照_光照=0E+00,time='2018-08-28 10:57:01'
2018/08/28 10:57:01.975 [I] [asm_amd64.s:2361] 0 2020 9 [] [1 3 4 0 0 0 0 250 51]
2018/08/28 10:57:01.977 [I] [mbserver.go:777] INSERT INTO `maingo`.`传感器119光照_dot` SET 传感器119光照_紫外线=0E+00,传感器119光照_光照=0E+00,time='2018-08-28 10:57:01'
2018/08/28 10:57:02.084 [I] [asm_amd64.s:2361] 0 2020 11 [] [1 3 6 0 0 0 0 0 0 33 117]
2018/08/28 10:57:02.086 [I] [mbserver.go:777] INSERT INTO `maingo`.`传感器120co2_dot` SET 传感器120co2_温度=0E+00,传感器120co2_湿度=0E+00,传感器120co2_二氧化碳=0E+00,time='2018-08-28 10:57:02'
2018/08/28 10:58:00.080 [I] [asm_amd64.s:2361] 0 2020 9 [] [1 3 4 0 0 0 0 250 51]
2018/08/28 10:58:00.080 [I] [mbserver.go:777] INSERT INTO `maingo`.`传感器101温湿度_dot` SET 传感器101温湿度_温度=0E+00,传感器101温湿度_湿度=0E+00,time='2018-08-28 10:58:00'
2018/08/28 10:58:00.182 [I] [asm_amd64.s:2361] 0 2020 9 [] [1 3 4 0 0 0 0 250 51]
2018/08/28 10:58:00.183 [I] [mbserver.go:777] INSERT INTO `maingo`.`传感器102温湿度_dot` SET 传感器102温湿度_温度=0E+00,传感器102温湿度_湿度=0E+00,time='2018-08-28 10:58:00'
2018/08/28 10:58:00.278 [I] [asm_amd64.s:2361] 0 2020 9 [] [1 3 4 0 0 0 0 250 51]
2018/08/28 10:58:00.279 [I] [mbserver.go:777] INSERT INTO `maingo`.`传感器103温湿度_dot` SET 传感器103温湿度_温度=0E+00,传感器103温湿度_湿度=0E+00,time='2018-08-28 10:58:00'
2018/08/28 10:58:00.389 [I] [asm_amd64.s:2361] 0 2020 9 [] [1 3 4 0 0 0 0 250 51]
2018/08/28 10:58:00.391 [I] [mbserver.go:777] INSERT INTO `maingo`.`传感器104温湿度_dot` SET 传感器104温湿度_温度=0E+00,传感器104温湿度_湿度=0E+00,time='2018-08-28 10:58:00'
2018/08/28 10:58:00.478 [I] [asm_amd64.s:2361] 0 2020 9 [] [1 3 4 0 0 0 0 250 51]
2018/08/28 10:58:00.478 [I] [mbserver.go:777] INSERT INTO `maingo`.`传感器105光照_dot` SET 传感器105光照_紫外线=0E+00,传感器105光照_光照=0E+00,time='2018-08-28 10:58:00'
2018/08/28 10:58:00.590 [I] [asm_amd64.s:2361] 0 2020 9 [] [1 3 4 0 0 0 0 250 51]
2018/08/28 10:58:00.590 [I] [mbserver.go:777] INSERT INTO `maingo`.`传感器106光照_dot` SET 传感器106光照_紫外线=0E+00,传感器106光照_光照=0E+00,time='2018-08-28 10:58:00'
2018/08/28 10:58:00.687 [I] [asm_amd64.s:2361] 0 2020 11 [] [1 3 6 0 0 0 0 0 0 33 117]
2018/08/28 10:58:00.688 [I] [mbserver.go:777] INSERT INTO `maingo`.`传感器107co2_dot` SET 传感器107co2_温度=0E+00,传感器107co2_湿度=0E+00,传感器107co2_二氧化碳=0E+00,time='2018-08-28 10:58:00'
2018/08/28 10:58:00.784 [I] [asm_amd64.s:2361] 0 2020 7 [] [1 3 2 0 0 184 68]
2018/08/28 10:58:00.785 [I] [mbserver.go:777] INSERT INTO `maingo`.`传感器108voc_dot` SET 传感器108voc_tvoc=0E+00,time='2018-08-28 10:58:00'
2018/08/28 10:58:00.895 [I] [asm_amd64.s:2361] 0 2020 9 [] [1 3 4 0 0 0 0 250 51]
2018/08/28 10:58:00.895 [I] [mbserver.go:777] INSERT INTO `maingo`.`传感器110温湿度_dot` SET 传感器110温湿度_温度=0E+00,传感器110温湿度_湿度=0E+00,time='2018-08-28 10:58:00'
2018/08/28 10:58:00.988 [I] [asm_amd64.s:2361] 0 2020 9 [] [1 3 4 0 0 0 0 250 51]
2018/08/28 10:58:00.989 [I] [mbserver.go:777] INSERT INTO `maingo`.`传感器111温湿度_dot` SET 传感器111温湿度_温度=0E+00,传感器111温湿度_湿度=0E+00,time='2018-08-28 10:58:00'
2018/08/28 10:58:01.089 [I] [asm_amd64.s:2361] 0 2020 9 [] [1 3 4 0 0 0 0 250 51]
2018/08/28 10:58:01.089 [I] [mbserver.go:777] INSERT INTO `maingo`.`传感器112温湿度_dot` SET 传感器112温湿度_温度=0E+00,传感器112温湿度_湿度=0E+00,time='2018-08-28 10:58:01'
2018/08/28 10:58:01.239 [I] [asm_amd64.s:2361] 0 2020 9 [] [1 3 4 0 0 0 0 250 51]
2018/08/28 10:58:01.239 [I] [mbserver.go:777] INSERT INTO `maingo`.`传感器113温湿度_dot` SET 传感器113温湿度_温度=0E+00,传感器113温湿度_湿度=0E+00,time='2018-08-28 10:58:01'
2018/08/28 10:58:01.411 [I] [asm_amd64.s:2361] 0 2020 9 [] [1 3 4 0 0 0 0 250 51]
2018/08/28 10:58:01.411 [I] [mbserver.go:777] INSERT INTO `maingo`.`传感器114温湿度_dot` SET 传感器114温湿度_温度=0E+00,传感器114温湿度_湿度=0E+00,time='2018-08-28 10:58:01'
2018/08/28 10:58:01.499 [I] [asm_amd64.s:2361] 0 2020 9 [] [1 3 4 0 0 0 0 250 51]
2018/08/28 10:58:01.499 [I] [mbserver.go:777] INSERT INTO `maingo`.`传感器115温湿度_dot` SET 传感器115温湿度_温度=0E+00,传感器115温湿度_湿度=0E+00,time='2018-08-28 10:58:01'
2018/08/28 10:58:01.610 [I] [asm_amd64.s:2361] 0 2020 9 [] [1 3 4 0 0 0 0 250 51]
2018/08/28 10:58:01.613 [I] [mbserver.go:777] INSERT INTO `maingo`.`传感器116温湿度_dot` SET 传感器116温湿度_温度=0E+00,传感器116温湿度_湿度=0E+00,time='2018-08-28 10:58:01'
2018/08/28 10:58:01.787 [I] [asm_amd64.s:2361] 0 2020 7 [] [1 3 2 0 0 184 68]
2018/08/28 10:58:01.791 [I] [mbserver.go:777] INSERT INTO `maingo`.`传感器121voc_dot` SET 传感器121voc_tvoc=0E+00,time='2018-08-28 10:58:01'
2018/08/28 10:58:01.923 [I] [asm_amd64.s:2361] 0 2020 9 [] [1 3 4 0 0 0 0 250 51]
2018/08/28 10:58:01.933 [I] [mbserver.go:777] INSERT INTO `maingo`.`传感器117光照_dot` SET 传感器117光照_紫外线=0E+00,传感器117光照_光照=0E+00,time='2018-08-28 10:58:01'
2018/08/28 10:58:02.011 [I] [asm_amd64.s:2361] 0 2020 9 [] [1 3 4 0 0 0 0 250 51]
2018/08/28 10:58:02.012 [I] [mbserver.go:777] INSERT INTO `maingo`.`传感器118光照_dot` SET 传感器118光照_紫外线=0E+00,传感器118光照_光照=0E+00,time='2018-08-28 10:58:02'
2018/08/28 10:58:02.107 [I] [asm_amd64.s:2361] 0 2020 9 [] [1 3 4 0 0 0 0 250 51]
2018/08/28 10:58:02.108 [I] [mbserver.go:777] INSERT INTO `maingo`.`传感器119光照_dot` SET 传感器119光照_紫外线=0E+00,传感器119光照_光照=0E+00,time='2018-08-28 10:58:02'
2018/08/28 10:58:02.217 [I] [asm_amd64.s:2361] 0 2020 11 [] [1 3 6 0 0 0 0 0 0 33 117]
2018/08/28 10:58:02.217 [I] [mbserver.go:777] INSERT INTO `maingo`.`传感器120co2_dot` SET 传感器120co2_温度=0E+00,传感器120co2_湿度=0E+00,传感器120co2_二氧化碳=0E+00,time='2018-08-28 10:58:02'
